// Jest Snapshot v1, https://goo.gl/fbAQLP

exports[`schedules_model model 1`] = `
[
  {
    "active": {
      "Model": [Function],
      "_modelAttribute": true,
      "defaultValue": false,
      "field": "active",
      "fieldName": "active",
      "type": BOOLEAN {},
    },
    "campaignId": {
      "Model": [Function],
      "_modelAttribute": true,
      "allowNull": false,
      "field": "campaign_id",
      "fieldName": "campaignId",
      "type": STRING {
        "_binary": undefined,
        "_length": 255,
        "options": {
          "binary": undefined,
          "length": undefined,
        },
      },
      "unique": "unique_schedule",
    },
    "createdAt": {
      "Model": [Function],
      "_autoGenerated": true,
      "_modelAttribute": true,
      "allowNull": false,
      "field": "created_at",
      "fieldName": "createdAt",
      "type": DATE {
        "_length": "",
        "options": {
          "length": undefined,
        },
      },
    },
    "id": {
      "Model": [Function],
      "_modelAttribute": true,
      "autoIncrement": true,
      "field": "id",
      "fieldName": "id",
      "primaryKey": true,
      "type": INTEGER {
        "_decimals": undefined,
        "_length": undefined,
        "_precision": undefined,
        "_scale": undefined,
        "_unsigned": undefined,
        "_zerofill": undefined,
        "options": {},
      },
    },
    "subject": {
      "Model": [Function],
      "_modelAttribute": true,
      "allowNull": false,
      "field": "subject",
      "fieldName": "subject",
      "type": STRING {
        "_binary": undefined,
        "_length": 255,
        "options": {
          "binary": undefined,
          "length": undefined,
        },
      },
      "unique": "unique_schedule",
    },
    "updatedAt": {
      "Model": [Function],
      "_autoGenerated": true,
      "_modelAttribute": true,
      "allowNull": false,
      "field": "updated_at",
      "fieldName": "updatedAt",
      "type": DATE {
        "_length": "",
        "options": {
          "length": undefined,
        },
      },
    },
  },
  {},
  true,
  "cs_schedules",
]
`;
