// Jest Snapshot v1, https://goo.gl/fbAQLP

exports[`campaigns_model model 1`] = `
[
  {
    "actions": {
      "Model": [Function],
      "_modelAttribute": true,
      "allowNull": false,
      "field": "actions",
      "fieldName": "actions",
      "get": [Function],
      "set": [Function],
      "type": TEXT {
        "_length": "",
        "options": {
          "length": undefined,
        },
      },
    },
    "active": {
      "Model": [Function],
      "_modelAttribute": true,
      "defaultValue": false,
      "field": "active",
      "fieldName": "active",
      "type": BOOLEAN {},
    },
    "createdAt": {
      "Model": [Function],
      "_autoGenerated": true,
      "_modelAttribute": true,
      "allowNull": false,
      "field": "created_at",
      "fieldName": "createdAt",
      "type": DATE {
        "_length": "",
        "options": {
          "length": undefined,
        },
      },
    },
    "id": {
      "Model": [Function],
      "_modelAttribute": true,
      "allowNull": false,
      "field": "id",
      "fieldName": "id",
      "primaryKey": true,
      "type": STRING {
        "_binary": undefined,
        "_length": 255,
        "options": {
          "binary": undefined,
          "length": undefined,
        },
      },
      "unique": true,
    },
    "updatedAt": {
      "Model": [Function],
      "_autoGenerated": true,
      "_modelAttribute": true,
      "allowNull": false,
      "field": "updated_at",
      "fieldName": "updatedAt",
      "type": DATE {
        "_length": "",
        "options": {
          "length": undefined,
        },
      },
    },
  },
  {},
  true,
  "cs_campaigns",
]
`;
